// Jest Snapshot v1, https://goo.gl/fbAQLP

exports[`Pruebas en GifExpertApp bebe hacer un match con snapshop 1`] = `<div />`;
